BL51 BANKED LINKER/LOCATER V6.22                                                        03/28/2013  10:00:07  PAGE 1


BL51 BANKED LINKER/LOCATER V6.22, INVOKED BY:
F:\KEIL\C51\BIN\BL51.EXE main.obj TO test interrupt RAMSIZE (256)


MEMORY MODEL: SMALL


INPUT MODULES INCLUDED:
  main.obj (MAIN)
  F:\KEIL\C51\LIB\C51S.LIB (?C_STARTUP)


LINK MAP OF MODULE:  test interrupt (MAIN)


            TYPE    BASE      LENGTH    RELOCATION   SEGMENT NAME
            -----------------------------------------------------

            * * * * * * *   D A T A   M E M O R Y   * * * * * * *
            REG     0000H     0008H     ABSOLUTE     "REG BANK 0"
            IDATA   0008H     0001H     UNIT         ?STACK

            * * * * * * *   C O D E   M E M O R Y   * * * * * * *
            CODE    0000H     0003H     ABSOLUTE     
                    0003H     0008H                  *** GAP ***
            CODE    000BH     0003H     ABSOLUTE     
            CODE    000EH     0043H     UNIT         ?PR?TIMER_0?MAIN
            CODE    0051H     0020H     UNIT         ?PR?_DELAY_MS?MAIN
            CODE    0071H     0014H     UNIT         ?PR?MAIN?MAIN
            CODE    0085H     000CH     UNIT         ?C_C51STARTUP



OVERLAY MAP OF MODULE:   test interrupt (MAIN)


SEGMENT
  +--> CALLED SEGMENT
---------------------
?PR?TIMER_0?MAIN
  +--> ?PR?_DELAY_MS?MAIN

*** NEW ROOT ***************************************************

?C_C51STARTUP
  +--> ?PR?MAIN?MAIN

?PR?MAIN?MAIN
  +--> ?PR?_DELAY_MS?MAIN



SYMBOL TABLE OF MODULE:  test interrupt (MAIN)

  VALUE           TYPE          NAME
  ----------------------------------

  -------         MODULE        MAIN
BL51 BANKED LINKER/LOCATER V6.22                                                      03/28/2013  10:00:07  PAGE 2


  C:0000H         SYMBOL        _ICE_DUMMY_
  D:0090H         PUBLIC        P1
  B:00A8H.7       PUBLIC        EA
  D:00A8H         PUBLIC        IE
  B:0090H.0       PUBLIC        Led_vang
  C:0071H         PUBLIC        main
  C:000EH         PUBLIC        timer_0
  B:0090H.2       PUBLIC        Led_do
  B:0088H.0       PUBLIC        IT0
  C:0051H         PUBLIC        _delay_ms
  -------         PROC          _DELAY_MS
  D:0006H         SYMBOL        ms
  -------         DO            
  D:0004H         SYMBOL        x
  D:0002H         SYMBOL        y
  -------         ENDDO         
  C:0051H         LINE#         5
  C:0051H         LINE#         6
  C:0051H         LINE#         8
  C:005BH         LINE#         9
  C:0070H         LINE#         10
  -------         ENDPROC       _DELAY_MS
  -------         PROC          TIMER_0
  -------         DO            
  D:0082H         SYMBOL        i
  -------         ENDDO         
  C:000EH         LINE#         11
  C:0025H         LINE#         14
  C:0027H         LINE#         15
  C:002AH         LINE#         16
  C:002AH         LINE#         17
  C:002CH         LINE#         18
  C:0033H         LINE#         19
  C:003CH         LINE#         20
  -------         ENDPROC       TIMER_0
  -------         PROC          MAIN
  C:0071H         LINE#         21
  C:0071H         LINE#         22
  C:0071H         LINE#         24
  C:0073H         LINE#         25
  C:0075H         LINE#         26
  C:0078H         LINE#         27
  C:0078H         LINE#         28
  C:0078H         LINE#         29
  C:007AH         LINE#         30
  C:007CH         LINE#         31
  C:0083H         LINE#         33
  -------         ENDPROC       MAIN
  -------         ENDMOD        MAIN

Program Size: data=9.0 xdata=0 code=137
LINK/LOCATE RUN COMPLETE.  0 WARNING(S),  0 ERROR(S)
